// Jest Snapshot v1, https://goo.gl/fbAQLP

exports[`AddressModalComponent should render with loaded props 1`] = `
<EdgeModal
  bridge={
    {
      "on": [Function],
      "onResult": [Function],
      "reject": [Function],
      "remove": [Function],
      "resolve": [Function],
    }
  }
  onCancel={[Function]}
  title="string"
>
  <ForwardRef
    autoCapitalize="none"
    autoCorrect={false}
    onChangeText={[Function]}
    onSubmitEditing={[Function]}
    placeholder="Address"
    returnKeyType="search"
    showSpinner={false}
    value=""
  />
  <View
    style={
      {
        "alignItems": "center",
        "flexGrow": 1,
        "flexShrink": 1,
        "justifyContent": "center",
      }
    }
  >
    <ActivityIndicator
      color="#00f1a2"
    />
  </View>
  <EdgeButton
    label="Next"
    marginRem={
      [
        1,
        0,
        2,
      ]
    }
    onPress={[Function]}
  />
</EdgeModal>
`;
