// Jest Snapshot v1, https://goo.gl/fbAQLP

exports[`AutoLogoutModal should render with loading props 1`] = `
<ThemedModal
  bridge={
    {
      "on": [Function],
      "onResult": [Function],
      "reject": [Function],
      "remove": [Function],
      "resolve": [Function],
    }
  }
  onCancel={[Function]}
>
  <ModalTitle>
    Set Auto Logoff time
  </ModalTitle>
  <View
    style={
      {
        "flexDirection": "row",
      }
    }
  >
    <Picker
      itemStyle={
        [
          {
            "color": "#FFFFFF",
            "fontFamily": "Quicksand-Regular",
            "fontSize": 22,
            "includeFontPadding": false,
          },
          null,
        ]
      }
      mode="dialog"
      onValueChange={[Function]}
      selectedValue={11}
      style={
        {
          "flex": 1,
        }
      }
    >
      <PickerItem
        color="#FFFFFF"
        label="Disabled"
        value={0}
      />
      <PickerItem
        color="#FFFFFF"
        label="1"
        value={1}
      />
      <PickerItem
        color="#FFFFFF"
        label="2"
        value={2}
      />
      <PickerItem
        color="#FFFFFF"
        label="3"
        value={3}
      />
      <PickerItem
        color="#FFFFFF"
        label="4"
        value={4}
      />
      <PickerItem
        color="#FFFFFF"
        label="5"
        value={5}
      />
      <PickerItem
        color="#FFFFFF"
        label="6"
        value={6}
      />
      <PickerItem
        color="#FFFFFF"
        label="7"
        value={7}
      />
      <PickerItem
        color="#FFFFFF"
        label="8"
        value={8}
      />
      <PickerItem
        color="#FFFFFF"
        label="9"
        value={9}
      />
      <PickerItem
        color="#FFFFFF"
        label="10"
        value={10}
      />
      <PickerItem
        color="#FFFFFF"
        label="11"
        value={11}
      />
      <PickerItem
        color="#FFFFFF"
        label="12"
        value={12}
      />
      <PickerItem
        color="#FFFFFF"
        label="13"
        value={13}
      />
      <PickerItem
        color="#FFFFFF"
        label="14"
        value={14}
      />
      <PickerItem
        color="#FFFFFF"
        label="15"
        value={15}
      />
      <PickerItem
        color="#FFFFFF"
        label="16"
        value={16}
      />
      <PickerItem
        color="#FFFFFF"
        label="17"
        value={17}
      />
      <PickerItem
        color="#FFFFFF"
        label="18"
        value={18}
      />
      <PickerItem
        color="#FFFFFF"
        label="19"
        value={19}
      />
      <PickerItem
        color="#FFFFFF"
        label="20"
        value={20}
      />
      <PickerItem
        color="#FFFFFF"
        label="21"
        value={21}
      />
      <PickerItem
        color="#FFFFFF"
        label="22"
        value={22}
      />
      <PickerItem
        color="#FFFFFF"
        label="23"
        value={23}
      />
      <PickerItem
        color="#FFFFFF"
        label="24"
        value={24}
      />
      <PickerItem
        color="#FFFFFF"
        label="25"
        value={25}
      />
      <PickerItem
        color="#FFFFFF"
        label="26"
        value={26}
      />
      <PickerItem
        color="#FFFFFF"
        label="27"
        value={27}
      />
      <PickerItem
        color="#FFFFFF"
        label="28"
        value={28}
      />
      <PickerItem
        color="#FFFFFF"
        label="29"
        value={29}
      />
      <PickerItem
        color="#FFFFFF"
        label="30"
        value={30}
      />
      <PickerItem
        color="#FFFFFF"
        label="31"
        value={31}
      />
      <PickerItem
        color="#FFFFFF"
        label="32"
        value={32}
      />
      <PickerItem
        color="#FFFFFF"
        label="33"
        value={33}
      />
      <PickerItem
        color="#FFFFFF"
        label="34"
        value={34}
      />
      <PickerItem
        color="#FFFFFF"
        label="35"
        value={35}
      />
      <PickerItem
        color="#FFFFFF"
        label="36"
        value={36}
      />
      <PickerItem
        color="#FFFFFF"
        label="37"
        value={37}
      />
      <PickerItem
        color="#FFFFFF"
        label="38"
        value={38}
      />
      <PickerItem
        color="#FFFFFF"
        label="39"
        value={39}
      />
      <PickerItem
        color="#FFFFFF"
        label="40"
        value={40}
      />
      <PickerItem
        color="#FFFFFF"
        label="41"
        value={41}
      />
      <PickerItem
        color="#FFFFFF"
        label="42"
        value={42}
      />
      <PickerItem
        color="#FFFFFF"
        label="43"
        value={43}
      />
      <PickerItem
        color="#FFFFFF"
        label="44"
        value={44}
      />
      <PickerItem
        color="#FFFFFF"
        label="45"
        value={45}
      />
      <PickerItem
        color="#FFFFFF"
        label="46"
        value={46}
      />
      <PickerItem
        color="#FFFFFF"
        label="47"
        value={47}
      />
      <PickerItem
        color="#FFFFFF"
        label="48"
        value={48}
      />
      <PickerItem
        color="#FFFFFF"
        label="49"
        value={49}
      />
      <PickerItem
        color="#FFFFFF"
        label="50"
        value={50}
      />
      <PickerItem
        color="#FFFFFF"
        label="51"
        value={51}
      />
      <PickerItem
        color="#FFFFFF"
        label="52"
        value={52}
      />
      <PickerItem
        color="#FFFFFF"
        label="53"
        value={53}
      />
      <PickerItem
        color="#FFFFFF"
        label="54"
        value={54}
      />
      <PickerItem
        color="#FFFFFF"
        label="55"
        value={55}
      />
      <PickerItem
        color="#FFFFFF"
        label="56"
        value={56}
      />
      <PickerItem
        color="#FFFFFF"
        label="57"
        value={57}
      />
      <PickerItem
        color="#FFFFFF"
        label="58"
        value={58}
      />
      <PickerItem
        color="#FFFFFF"
        label="59"
        value={59}
      />
    </Picker>
    <Picker
      itemStyle={
        [
          {
            "color": "#FFFFFF",
            "fontFamily": "Quicksand-Regular",
            "fontSize": 22,
            "includeFontPadding": false,
          },
          null,
        ]
      }
      mode="dialog"
      onValueChange={[Function]}
      selectedValue="seconds"
      style={
        {
          "flex": 1,
        }
      }
    >
      <PickerItem
        color="#FFFFFF"
        label="Second(s)"
        value="seconds"
      />
      <PickerItem
        color="#FFFFFF"
        label="Minute(s)"
        value="minutes"
      />
      <PickerItem
        color="#FFFFFF"
        label="Hour(s)"
        value="hours"
      />
      <PickerItem
        color="#FFFFFF"
        label="Day(s)"
        value="days"
      />
    </Picker>
  </View>
  <Memo
    layout="column"
    primary={
      {
        "label": "Save",
        "onPress": [Function],
      }
    }
  />
</ThemedModal>
`;
