// Jest Snapshot v1, https://goo.gl/fbAQLP

exports[`HelpModal should render with loading props 1`] = `
[
  <View
    accessibilityState={
      {
        "busy": undefined,
        "checked": undefined,
        "disabled": false,
        "expanded": undefined,
        "selected": undefined,
      }
    }
    accessible={true}
    focusable={true}
    onClick={[Function]}
    onResponderGrant={[Function]}
    onResponderMove={[Function]}
    onResponderRelease={[Function]}
    onResponderTerminate={[Function]}
    onResponderTerminationRequest={[Function]}
    onStartShouldSetResponder={[Function]}
    style={
      [
        {
          "backgroundColor": "#000000",
          "bottom": 0,
          "left": 0,
          "position": "absolute",
          "right": 0,
          "top": 0,
        },
        {
          "opacity": 0,
        },
      ]
    }
  />,
  <View
    collapsable={false}
    style={
      [
        {
          "alignSelf": "flex-end",
          "backgroundColor": "rgba(255, 255, 255, .37)",
          "borderTopLeftRadius": 22,
          "borderTopRightRadius": 22,
          "flexShrink": 1,
          "overflow": "hidden",
          "paddingLeft": 11,
          "paddingRight": 11,
          "width": 674,
        },
        {
          "transform": [
            {
              "translateY": 1334,
            },
          ],
        },
        {
          "borderColor": "rgba(255, 255, 255, 0)",
          "borderWidth": 0,
          "marginBottom": -86,
          "paddingBottom": 86,
          "paddingTop": 0,
        },
      ]
    }
  >
    <BlurView
      blurAmount={10}
      blurType="dark"
      overlayColor="rgba(0, 0, 0, 0)"
      style={
        [
          {
            "backgroundColor": undefined,
            "bottom": 0,
            "left": 0,
            "position": "absolute",
            "right": 0,
            "top": 0,
          },
          {
            "borderRadius": 16,
          },
        ]
      }
    />
    <View
      style={
        {
          "alignItems": "center",
          "left": 0,
          "position": "absolute",
          "right": 0,
          "top": 0,
        }
      }
    >
      <View
        style={
          {
            "backgroundColor": "hsla(0, 0%, 53%, 0.3)",
            "borderRadius": 3,
            "height": 6,
            "marginTop": 6,
            "width": 67,
          }
        }
      />
    </View>
    <View
      style={
        {
          "alignItems": "flex-start",
          "flexDirection": "row",
          "marginBottom": 11,
          "marginTop": 28,
        }
      }
    >
      <View
        style={
          {
            "alignItems": "center",
            "flexDirection": "column",
            "flexGrow": 1,
            "justifyContent": "center",
            "marginVertical": 6,
          }
        }
      >
        <Image
          resizeMode="contain"
          source={
            {
              "testUri": "../../../src/assets/images/edgeLogo/Edge_logo_L.png",
            }
          }
          style={
            {
              "height": 51,
              "marginVertical": 11,
            }
          }
        />
        <View
          style={
            {
              "alignItems": "center",
              "flexDirection": "row",
              "marginHorizontal": 11,
            }
          }
        >
          <Text
            style={
              [
                {
                  "color": "#FFFFFF",
                  "fontFamily": "Quicksand-Medium",
                  "fontSize": 27,
                },
                {
                  "flexGrow": 1,
                  "textAlign": "center",
                },
                {
                  "paddingBottom": 0,
                  "paddingLeft": 0,
                  "paddingRight": 0,
                  "paddingTop": 0,
                },
                null,
              ]
            }
          >
            Thanks for using Edge!
          </Text>
        </View>
      </View>
    </View>
    <RCTScrollView
      collapsable={false}
      handlerTag={2}
      handlerType="NativeViewGestureHandler"
      keyboardDismissMode="on-drag"
      onGestureHandlerEvent={[Function]}
      onGestureHandlerStateChange={[Function]}
      scrollIndicatorInsets={
        {
          "right": 1,
        }
      }
      style={
        {
          "flexGrow": 0,
          "flexShrink": 1,
        }
      }
      waitFor={
        [
          {
            "current": null,
          },
        ]
      }
    >
      <View>
        <View
          accessibilityState={
            {
              "busy": undefined,
              "checked": undefined,
              "disabled": false,
              "expanded": undefined,
              "selected": undefined,
            }
          }
          accessibilityValue={
            {
              "max": undefined,
              "min": undefined,
              "now": undefined,
              "text": undefined,
            }
          }
          accessible={false}
          collapsable={false}
          focusable={true}
          onClick={[Function]}
          onResponderGrant={[Function]}
          onResponderMove={[Function]}
          onResponderRelease={[Function]}
          onResponderTerminate={[Function]}
          onResponderTerminationRequest={[Function]}
          onStartShouldSetResponder={[Function]}
          style={
            {
              "alignSelf": "stretch",
              "borderRadius": 16,
              "marginBottom": 11,
              "marginLeft": 11,
              "marginRight": 11,
              "marginTop": 11,
              "opacity": 1,
              "paddingBottom": 11,
              "paddingLeft": 11,
              "paddingRight": 11,
              "paddingTop": 11,
            }
          }
        >
          <View
            style={
              {
                "backgroundColor": "rgba(255, 255, 255, .1)",
                "borderRadius": 16,
                "bottom": 0,
                "left": 0,
                "overflow": "hidden",
                "position": "absolute",
                "right": 0,
                "top": 0,
              }
            }
          />
          <View
            style={
              {
                "alignItems": "center",
                "flexDirection": "row",
                "justifyContent": "space-between",
                "width": "100%",
              }
            }
          >
            <View
              style={
                {
                  "margin": 11,
                }
              }
            >
              <Text
                allowFontScaling={false}
                selectable={false}
                style={
                  [
                    {
                      "color": "#00f1a2",
                      "fontSize": 34,
                    },
                    undefined,
                    {
                      "fontFamily": "custom",
                      "fontStyle": "normal",
                      "fontWeight": "normal",
                    },
                    {},
                  ]
                }
              >
                
              </Text>
            </View>
            <View
              style={
                {
                  "alignItems": "flex-start",
                  "flex": 1,
                  "flexDirection": "column",
                  "margin": 11,
                }
              }
            >
              <Text
                adjustsFontSizeToFit={true}
                minimumFontScale={0.65}
                numberOfLines={1}
                style={
                  [
                    {
                      "color": "#FFFFFF",
                      "fontFamily": "Quicksand-Regular",
                      "fontSize": 22,
                      "includeFontPadding": false,
                    },
                    undefined,
                    null,
                  ]
                }
              >
                Knowledge Base
              </Text>
              <Text
                adjustsFontSizeToFit={true}
                minimumFontScale={0.65}
                numberOfLines={2}
                style={
                  [
                    {
                      "color": "#FFFFFF",
                      "fontFamily": "Quicksand-Regular",
                      "fontSize": 22,
                      "includeFontPadding": false,
                    },
                    {
                      "color": "#3dd9f4",
                      "fontSize": 17,
                      "marginTop": 6,
                    },
                    null,
                  ]
                }
              >
                Commonly asked questions and FAQ
              </Text>
            </View>
          </View>
        </View>
        <View
          accessibilityState={
            {
              "busy": undefined,
              "checked": undefined,
              "disabled": false,
              "expanded": undefined,
              "selected": undefined,
            }
          }
          accessibilityValue={
            {
              "max": undefined,
              "min": undefined,
              "now": undefined,
              "text": undefined,
            }
          }
          accessible={false}
          collapsable={false}
          focusable={true}
          onClick={[Function]}
          onResponderGrant={[Function]}
          onResponderMove={[Function]}
          onResponderRelease={[Function]}
          onResponderTerminate={[Function]}
          onResponderTerminationRequest={[Function]}
          onStartShouldSetResponder={[Function]}
          style={
            {
              "alignSelf": "stretch",
              "borderRadius": 16,
              "marginBottom": 11,
              "marginLeft": 11,
              "marginRight": 11,
              "marginTop": 11,
              "opacity": 1,
              "paddingBottom": 11,
              "paddingLeft": 11,
              "paddingRight": 11,
              "paddingTop": 11,
            }
          }
        >
          <View
            style={
              {
                "backgroundColor": "rgba(255, 255, 255, .1)",
                "borderRadius": 16,
                "bottom": 0,
                "left": 0,
                "overflow": "hidden",
                "position": "absolute",
                "right": 0,
                "top": 0,
              }
            }
          />
          <View
            style={
              {
                "alignItems": "center",
                "flexDirection": "row",
                "justifyContent": "space-between",
                "width": "100%",
              }
            }
          >
            <View
              style={
                {
                  "margin": 11,
                }
              }
            >
              <Text
                allowFontScaling={false}
                selectable={false}
                style={
                  [
                    {
                      "color": "#00f1a2",
                      "fontSize": 34,
                    },
                    undefined,
                    {
                      "fontFamily": "custom",
                      "fontStyle": "normal",
                      "fontWeight": "normal",
                    },
                    {},
                  ]
                }
              >
                
              </Text>
            </View>
            <View
              style={
                {
                  "alignItems": "flex-start",
                  "flex": 1,
                  "flexDirection": "column",
                  "margin": 11,
                }
              }
            >
              <Text
                adjustsFontSizeToFit={true}
                minimumFontScale={0.65}
                numberOfLines={1}
                style={
                  [
                    {
                      "color": "#FFFFFF",
                      "fontFamily": "Quicksand-Regular",
                      "fontSize": 22,
                      "includeFontPadding": false,
                    },
                    undefined,
                    null,
                  ]
                }
              >
                Submit a Support Ticket
              </Text>
              <Text
                adjustsFontSizeToFit={true}
                minimumFontScale={0.65}
                numberOfLines={2}
                style={
                  [
                    {
                      "color": "#FFFFFF",
                      "fontFamily": "Quicksand-Regular",
                      "fontSize": 22,
                      "includeFontPadding": false,
                    },
                    {
                      "color": "#3dd9f4",
                      "fontSize": 17,
                      "marginTop": 6,
                    },
                    null,
                  ]
                }
              >
                Troubleshooting and technical support
              </Text>
            </View>
          </View>
        </View>
        <View
          accessibilityState={
            {
              "busy": undefined,
              "checked": undefined,
              "disabled": false,
              "expanded": undefined,
              "selected": undefined,
            }
          }
          accessibilityValue={
            {
              "max": undefined,
              "min": undefined,
              "now": undefined,
              "text": undefined,
            }
          }
          accessible={false}
          collapsable={false}
          focusable={true}
          onClick={[Function]}
          onResponderGrant={[Function]}
          onResponderMove={[Function]}
          onResponderRelease={[Function]}
          onResponderTerminate={[Function]}
          onResponderTerminationRequest={[Function]}
          onStartShouldSetResponder={[Function]}
          style={
            {
              "alignSelf": "stretch",
              "borderRadius": 16,
              "marginBottom": 11,
              "marginLeft": 11,
              "marginRight": 11,
              "marginTop": 11,
              "opacity": 1,
              "paddingBottom": 11,
              "paddingLeft": 11,
              "paddingRight": 11,
              "paddingTop": 11,
            }
          }
        >
          <View
            style={
              {
                "backgroundColor": "rgba(255, 255, 255, .1)",
                "borderRadius": 16,
                "bottom": 0,
                "left": 0,
                "overflow": "hidden",
                "position": "absolute",
                "right": 0,
                "top": 0,
              }
            }
          />
          <View
            style={
              {
                "alignItems": "center",
                "flexDirection": "row",
                "justifyContent": "space-between",
                "width": "100%",
              }
            }
          >
            <View
              style={
                {
                  "margin": 11,
                }
              }
            >
              <Text
                allowFontScaling={false}
                selectable={false}
                style={
                  [
                    {
                      "color": "#00f1a2",
                      "fontSize": 34,
                    },
                    undefined,
                    {
                      "fontFamily": "custom",
                      "fontStyle": "normal",
                      "fontWeight": "normal",
                    },
                    {},
                  ]
                }
              >
                
              </Text>
            </View>
            <View
              style={
                {
                  "alignItems": "flex-start",
                  "flex": 1,
                  "flexDirection": "column",
                  "margin": 11,
                }
              }
            >
              <Text
                adjustsFontSizeToFit={true}
                minimumFontScale={0.65}
                numberOfLines={1}
                style={
                  [
                    {
                      "color": "#FFFFFF",
                      "fontFamily": "Quicksand-Regular",
                      "fontSize": 22,
                      "includeFontPadding": false,
                    },
                    undefined,
                    null,
                  ]
                }
              >
                Call for Assistance
              </Text>
              <Text
                adjustsFontSizeToFit={true}
                minimumFontScale={0.65}
                numberOfLines={2}
                style={
                  [
                    {
                      "color": "#FFFFFF",
                      "fontFamily": "Quicksand-Regular",
                      "fontSize": 22,
                      "includeFontPadding": false,
                    },
                    {
                      "color": "#3dd9f4",
                      "fontSize": 17,
                      "marginTop": 6,
                    },
                    null,
                  ]
                }
              >
                Get in touch by phone
              </Text>
            </View>
          </View>
        </View>
        <View
          accessibilityState={
            {
              "busy": undefined,
              "checked": undefined,
              "disabled": false,
              "expanded": undefined,
              "selected": undefined,
            }
          }
          accessibilityValue={
            {
              "max": undefined,
              "min": undefined,
              "now": undefined,
              "text": undefined,
            }
          }
          accessible={false}
          collapsable={false}
          focusable={true}
          onClick={[Function]}
          onResponderGrant={[Function]}
          onResponderMove={[Function]}
          onResponderRelease={[Function]}
          onResponderTerminate={[Function]}
          onResponderTerminationRequest={[Function]}
          onStartShouldSetResponder={[Function]}
          style={
            {
              "alignSelf": "stretch",
              "borderRadius": 16,
              "marginBottom": 11,
              "marginLeft": 11,
              "marginRight": 11,
              "marginTop": 11,
              "opacity": 1,
              "paddingBottom": 11,
              "paddingLeft": 11,
              "paddingRight": 11,
              "paddingTop": 11,
            }
          }
        >
          <View
            style={
              {
                "backgroundColor": "rgba(255, 255, 255, .1)",
                "borderRadius": 16,
                "bottom": 0,
                "left": 0,
                "overflow": "hidden",
                "position": "absolute",
                "right": 0,
                "top": 0,
              }
            }
          />
          <View
            style={
              {
                "alignItems": "center",
                "flexDirection": "row",
                "justifyContent": "space-between",
                "width": "100%",
              }
            }
          >
            <View
              style={
                {
                  "margin": 11,
                }
              }
            >
              <Text
                allowFontScaling={false}
                selectable={false}
                style={
                  [
                    {
                      "color": "#00f1a2",
                      "fontSize": 34,
                    },
                    undefined,
                    {
                      "fontFamily": "custom",
                      "fontStyle": "normal",
                      "fontWeight": "normal",
                    },
                    {},
                  ]
                }
              >
                
              </Text>
            </View>
            <View
              style={
                {
                  "alignItems": "flex-start",
                  "flex": 1,
                  "flexDirection": "column",
                  "margin": 11,
                }
              }
            >
              <Text
                adjustsFontSizeToFit={true}
                minimumFontScale={0.65}
                numberOfLines={1}
                style={
                  [
                    {
                      "color": "#FFFFFF",
                      "fontFamily": "Quicksand-Regular",
                      "fontSize": 22,
                      "includeFontPadding": false,
                    },
                    undefined,
                    null,
                  ]
                }
              >
                Visit the Edge site
              </Text>
              <Text
                adjustsFontSizeToFit={true}
                minimumFontScale={0.65}
                numberOfLines={2}
                style={
                  [
                    {
                      "color": "#FFFFFF",
                      "fontFamily": "Quicksand-Regular",
                      "fontSize": 22,
                      "includeFontPadding": false,
                    },
                    {
                      "color": "#3dd9f4",
                      "fontSize": 17,
                      "marginTop": 6,
                    },
                    null,
                  ]
                }
              >
                More info on Edge
              </Text>
            </View>
          </View>
        </View>
        <View
          accessibilityState={
            {
              "busy": undefined,
              "checked": undefined,
              "disabled": false,
              "expanded": undefined,
              "selected": undefined,
            }
          }
          accessibilityValue={
            {
              "max": undefined,
              "min": undefined,
              "now": undefined,
              "text": undefined,
            }
          }
          accessible={false}
          collapsable={false}
          focusable={true}
          onClick={[Function]}
          onResponderGrant={[Function]}
          onResponderMove={[Function]}
          onResponderRelease={[Function]}
          onResponderTerminate={[Function]}
          onResponderTerminationRequest={[Function]}
          onStartShouldSetResponder={[Function]}
          style={
            {
              "alignSelf": "stretch",
              "borderRadius": 16,
              "marginBottom": 11,
              "marginLeft": 11,
              "marginRight": 11,
              "marginTop": 11,
              "opacity": 1,
              "paddingBottom": 11,
              "paddingLeft": 11,
              "paddingRight": 11,
              "paddingTop": 11,
            }
          }
        >
          <View
            style={
              {
                "backgroundColor": "rgba(255, 255, 255, .1)",
                "borderRadius": 16,
                "bottom": 0,
                "left": 0,
                "overflow": "hidden",
                "position": "absolute",
                "right": 0,
                "top": 0,
              }
            }
          />
          <View
            style={
              {
                "alignItems": "center",
                "flexDirection": "row",
                "justifyContent": "space-between",
                "width": "100%",
              }
            }
          >
            <View
              style={
                {
                  "margin": 11,
                }
              }
            >
              <Text
                allowFontScaling={false}
                selectable={false}
                style={
                  [
                    {
                      "color": "#00f1a2",
                      "fontSize": 34,
                    },
                    undefined,
                    {
                      "fontFamily": "custom",
                      "fontStyle": "normal",
                      "fontWeight": "normal",
                    },
                    {},
                  ]
                }
              >
                
              </Text>
            </View>
            <View
              style={
                {
                  "alignItems": "flex-start",
                  "flex": 1,
                  "flexDirection": "column",
                  "margin": 11,
                }
              }
            >
              <Text
                adjustsFontSizeToFit={true}
                minimumFontScale={0.65}
                numberOfLines={1}
                style={
                  [
                    {
                      "color": "#FFFFFF",
                      "fontFamily": "Quicksand-Regular",
                      "fontSize": 22,
                      "includeFontPadding": false,
                    },
                    undefined,
                    null,
                  ]
                }
              >
                Terms of Service
              </Text>
              <Text
                adjustsFontSizeToFit={true}
                minimumFontScale={0.65}
                numberOfLines={2}
                style={
                  [
                    {
                      "color": "#FFFFFF",
                      "fontFamily": "Quicksand-Regular",
                      "fontSize": 22,
                      "includeFontPadding": false,
                    },
                    {
                      "color": "#3dd9f4",
                      "fontSize": 17,
                      "marginTop": 6,
                    },
                    null,
                  ]
                }
              >
                Understand your obligations and risks associated with our platform
              </Text>
            </View>
          </View>
        </View>
        <View
          style={
            {
              "alignItems": "center",
              "flexDirection": "column",
              "justifyContent": "center",
              "marginTop": 0,
              "paddingVertical": 11,
            }
          }
        >
          <Text
            adjustsFontSizeToFit={true}
            minimumFontScale={0.65}
            numberOfLines={1}
            style={
              [
                {
                  "color": "#FFFFFF",
                  "fontFamily": "Quicksand-Regular",
                  "fontSize": 22,
                  "includeFontPadding": false,
                },
                {
                  "color": "#3dd9f4",
                },
                null,
              ]
            }
          >
            Version undefined
          </Text>
          <Text
            adjustsFontSizeToFit={true}
            minimumFontScale={0.65}
            numberOfLines={1}
            style={
              [
                {
                  "color": "#FFFFFF",
                  "fontFamily": "Quicksand-Regular",
                  "fontSize": 22,
                  "includeFontPadding": false,
                },
                {
                  "color": "#3dd9f4",
                },
                null,
              ]
            }
          >
            Build undefined
          </Text>
        </View>
      </View>
    </RCTScrollView>
  </View>,
]
`;
