// Jest Snapshot v1, https://goo.gl/fbAQLP

exports[`WalletListModal should render with loading props 1`] = `
[
  <View
    accessibilityState={
      {
        "busy": undefined,
        "checked": undefined,
        "disabled": undefined,
        "expanded": undefined,
        "selected": undefined,
      }
    }
    accessible={true}
    collapsable={false}
    focusable={true}
    onClick={[Function]}
    onResponderGrant={[Function]}
    onResponderMove={[Function]}
    onResponderRelease={[Function]}
    onResponderTerminate={[Function]}
    onResponderTerminationRequest={[Function]}
    onStartShouldSetResponder={[Function]}
    style={
      {
        "backgroundColor": "transparent",
        "bottom": 0,
        "left": 0,
        "opacity": 0,
        "position": "absolute",
        "right": 0,
        "top": 0,
      }
    }
  >
    <BlurView
      blurAmount={10}
      blurType="light"
      style={
        {
          "bottom": 0,
          "left": 0,
          "position": "absolute",
          "right": 0,
          "top": 0,
        }
      }
    />
  </View>,
  <View
    collapsable={false}
    style={
      {
        "alignSelf": "flex-end",
        "backgroundColor": "#121d25",
        "borderColor": "rgba(255, 255, 255, 0)",
        "borderTopLeftRadius": 22,
        "borderTopRightRadius": 22,
        "borderWidth": 0,
        "flexDirection": undefined,
        "flexShrink": 1,
        "justifyContent": undefined,
        "marginBottom": -64,
        "marginLeft": 0,
        "marginRight": 0,
        "marginTop": 0,
        "maxHeight": undefined,
        "overflow": "visible",
        "paddingBottom": 86,
        "paddingLeft": 22,
        "paddingRight": 22,
        "paddingTop": 22,
        "shadowOffset": {
          "height": 0,
          "width": 0,
        },
        "shadowOpacity": 1,
        "shadowRadius": 10,
        "transform": [
          {
            "translateY": 1334,
          },
        ],
        "width": 512,
      }
    }
  >
    <View
      style={
        {
          "alignItems": "center",
          "flexDirection": "row",
          "margin": 11,
        }
      }
    >
      <Text
        style={
          [
            {
              "color": "#FFFFFF",
              "fontFamily": "Quicksand-Medium",
              "fontSize": 27,
              "marginVertical": 11,
            },
            {
              "textAlign": "center",
            },
            {
              "paddingBottom": 0,
              "paddingLeft": 0,
              "paddingRight": 0,
              "paddingTop": 0,
            },
          ]
        }
      >
        Wallet List
      </Text>
    </View>
    <View
      accessibilityState={
        {
          "busy": undefined,
          "checked": undefined,
          "disabled": undefined,
          "expanded": undefined,
          "selected": undefined,
        }
      }
      accessible={false}
      disableAnimation={
        {
          "value": 0,
        }
      }
      focusAnimation={
        {
          "value": 0,
        }
      }
      focusable={true}
      onClick={[Function]}
      onResponderGrant={[Function]}
      onResponderMove={[Function]}
      onResponderRelease={[Function]}
      onResponderTerminate={[Function]}
      onResponderTerminationRequest={[Function]}
      onStartShouldSetResponder={[Function]}
      scale={
        {
          "value": 1,
        }
      }
      spaceProps={
        {
          "bottom": 1.25,
          "returnKeyType": "search",
          "top": 0.5,
        }
      }
      style={
        [
          {
            "alignItems": undefined,
            "flex": undefined,
            "flexDirection": "column",
            "justifyContent": undefined,
            "marginBottom": 28,
            "marginLeft": 0,
            "marginRight": 0,
            "marginTop": 11,
          },
          {
            "alignItems": "center",
            "borderRadius": 2247,
            "borderWidth": 1,
            "flexDirection": "row",
            "paddingHorizontal": 22,
          },
          {
            "backgroundColor": undefined,
            "borderColor": undefined,
            "marginHorizontal": undefined,
            "opacity": undefined,
            "paddingVertical": 17.6,
          },
        ]
      }
    >
      <View
        size={
          {
            "value": undefined,
          }
        }
        style={
          [
            {
              "alignItems": "stretch",
              "aspectRatio": 1,
            },
            {
              "opacity": undefined,
              "width": undefined,
            },
          ]
        }
      >
        <Text
          adjustsFontSizeToFit={true}
          allowFontScaling={false}
          style={
            [
              {
                "color": undefined,
                "fontSize": 12,
              },
              {
                "color": "#FFFFFF",
                "fontSize": 22,
              },
              {
                "fontFamily": "anticon",
                "fontStyle": "normal",
                "fontWeight": "normal",
              },
              {},
            ]
          }
        >
          
        </Text>
      </View>
      <View
        style={
          {
            "flex": 1,
          }
        }
      >
        <Text
          disableAnimation={
            {
              "value": 0,
            }
          }
          focusAnimation={
            {
              "value": 0,
            }
          }
          scale={
            {
              "value": 1,
            }
          }
          style={
            [
              {
                "alignItems": "center",
                "justifyContent": "center",
                "margin": 0,
                "paddingHorizontal": 11,
                "paddingVertical": 0,
                "position": "absolute",
                "top": 0,
              },
              {
                "fontFamily": "Quicksand-Regular",
                "fontSize": 22,
                "includeFontPadding": false,
              },
              {
                "color": undefined,
                "fontSize": 22,
              },
            ]
          }
        >
          Search Wallets
        </Text>
        <TextInput
          accessibilityState={
            {
              "disabled": false,
            }
          }
          accessible={true}
          autoFocus={false}
          disableAnimation={
            {
              "value": 0,
            }
          }
          focusAnimation={
            {
              "value": 0,
            }
          }
          onBlur={[Function]}
          onChangeText={[Function]}
          onFocus={[Function]}
          onSubmitEditing={[Function]}
          returnKeyType="search"
          scale={
            {
              "value": 1,
            }
          }
          selectionColor="#FFFFFF"
          style={
            [
              {
                "color": "#1b2f3b",
                "flexGrow": 1,
                "flexShrink": 1,
                "fontFamily": "Quicksand-Regular",
                "margin": 0,
                "paddingHorizontal": 11,
                "paddingVertical": 0,
              },
              {
                "color": undefined,
                "fontSize": 22,
              },
            ]
          }
          testID="undefined.textInput"
          textAlignVertical="top"
          value=""
        />
      </View>
      <View
        accessibilityState={
          {
            "busy": undefined,
            "checked": undefined,
            "disabled": undefined,
            "expanded": undefined,
            "selected": undefined,
          }
        }
        accessibilityValue={
          {
            "max": undefined,
            "min": undefined,
            "now": undefined,
            "text": undefined,
          }
        }
        accessible={true}
        collapsable={false}
        focusable={true}
        onClick={[Function]}
        onResponderGrant={[Function]}
        onResponderMove={[Function]}
        onResponderRelease={[Function]}
        onResponderTerminate={[Function]}
        onResponderTerminationRequest={[Function]}
        onStartShouldSetResponder={[Function]}
        style={
          {
            "opacity": 1,
          }
        }
        testID="undefined.clearIcon"
      >
        <View
          size={
            {
              "value": 0,
            }
          }
          style={
            [
              {
                "alignItems": "stretch",
                "aspectRatio": 1,
              },
              {
                "opacity": 0,
                "width": 0,
              },
            ]
          }
        >
          <Text
            adjustsFontSizeToFit={true}
            allowFontScaling={false}
            style={
              [
                {
                  "color": undefined,
                  "fontSize": 12,
                },
                {
                  "color": "#FFFFFF",
                  "fontSize": 0,
                },
                {
                  "fontFamily": "anticon",
                  "fontStyle": "normal",
                  "fontWeight": "normal",
                },
                {},
              ]
            }
          >
            
          </Text>
        </View>
      </View>
    </View>
    <View
      style={
        {
          "flex": 1,
          "marginHorizontal": -22,
        }
      }
    >
      <View
        style={
          {
            "flex": 1,
            "overflow": "hidden",
          }
        }
      >
        <RCTScrollView
          applyWindowCorrection={[Function]}
          canChangeSize={true}
          contentContainerStyle={
            {
              "backgroundColor": undefined,
              "minHeight": 1,
              "minWidth": 1,
              "paddingLeft": 0,
              "paddingRight": 0,
            }
          }
          contentHeight={0}
          contentWidth={0}
          data={[]}
          dataProvider={
            DataProvider {
              "_data": [],
              "_firstIndexToProcess": 0,
              "_hasStableIds": false,
              "_requiresDataChangeHandling": false,
              "_size": 0,
              "getStableId": [Function],
              "rowHasChanged": [Function],
            }
          }
          disableRecycling={false}
          estimatedItemSize={96}
          extendedState={{}}
          externalScrollView={[Function]}
          finalRenderAheadOffset={250}
          forceNonDeterministicRendering={true}
          horizontal={false}
          initialOffset={0}
          initialRenderIndex={0}
          isHorizontal={false}
          keyboardShouldPersistTaps="handled"
          layoutProvider={
            GridLayoutProviderWithProps {
              "_acceptableRelayoutDelta": 1,
              "_getHeightOrWidth": [Function],
              "_getLayoutTypeForIndex": [Function],
              "_getSpan": [Function],
              "_hasExpired": false,
              "_maxSpan": 1,
              "_setLayoutForType": [Function],
              "_tempDim": {
                "height": 0,
                "width": 0,
              },
              "averageWindow": AverageWindow {
                "currentAverage": 96,
                "currentCount": 1,
                "inputValues": [
                  96,
                ],
                "nextIndex": 1,
              },
              "defaultEstimatedItemSize": 100,
              "layoutObject": {
                "size": undefined,
                "span": undefined,
              },
              "props": {
                "contentContainerStyle": {
                  "paddingBottom": 67,
                },
                "data": [],
                "estimatedItemSize": 96,
                "keyboardShouldPersistTaps": "handled",
                "numColumns": 1,
                "renderItem": [Function],
              },
              "renderWindowInsets": {
                "height": 0,
                "width": 0,
              },
              "shouldRefreshWithAnchoring": true,
            }
          }
          maxRenderAhead={750}
          numColumns={1}
          onEndReached={[Function]}
          onEndReachedThreshold={0}
          onEndReachedThresholdRelative={0}
          onItemLayout={[Function]}
          onLayout={[Function]}
          onScroll={[Function]}
          onScrollBeginDrag={[Function]}
          onSizeChanged={[Function]}
          onVisibleIndicesChanged={[Function]}
          removeClippedSubviews={false}
          renderAheadOffset={0}
          renderAheadStep={250}
          renderContentContainer={[Function]}
          renderItem={[Function]}
          renderItemContainer={[Function]}
          rowRenderer={[Function]}
          scrollEventThrottle={16}
          scrollThrottle={16}
          scrollViewProps={
            {
              "contentContainerStyle": {
                "backgroundColor": undefined,
                "minHeight": 1,
                "minWidth": 1,
                "paddingLeft": 0,
                "paddingRight": 0,
              },
              "onLayout": [Function],
              "onScrollBeginDrag": [Function],
              "refreshControl": undefined,
              "style": {
                "minHeight": 1,
                "minWidth": 1,
              },
            }
          }
          style={
            {
              "minHeight": 1,
              "minWidth": 1,
            }
          }
          suppressBoundedSizeException={true}
          windowCorrectionConfig={
            {
              "applyToInitialOffset": true,
              "applyToItemScroll": true,
              "value": {
                "endCorrection": 0,
                "startCorrection": 0,
                "windowShift": -0,
              },
            }
          }
        >
          <View>
            <View
              style={
                {
                  "flexDirection": "column",
                }
              }
            >
              <View
                style={
                  {
                    "paddingLeft": 0,
                    "paddingTop": 0,
                  }
                }
              />
              <View
                style={
                  [
                    undefined,
                    undefined,
                  ]
                }
              />
              <AutoLayoutView
                enableInstrumentation={false}
                horizontal={false}
                onBlankAreaEvent={[Function]}
                onLayout={[Function]}
                renderAheadOffset={0}
                scrollOffset={0}
                style={
                  {
                    "height": 0,
                    "width": 0,
                  }
                }
                windowSize={0}
              />
              <CellContainer
                index={-1}
                style={
                  [
                    undefined,
                    undefined,
                  ]
                }
              />
              <View
                style={
                  {
                    "paddingBottom": 67,
                    "paddingRight": 0,
                  }
                }
              />
            </View>
          </View>
        </RCTScrollView>
      </View>
      <View
        style={
          {
            "bottom": 0,
            "left": 0,
            "position": "absolute",
            "right": 0,
            "zIndex": 1,
          }
        }
      >
        <BVLinearGradient
          colors={
            [
              1187109,
              856825125,
              3205635365,
              4279377189,
            ]
          }
          endPoint={
            {
              "x": 0,
              "y": 1,
            }
          }
          locations={
            [
              0,
              0.2,
              0.75,
              1,
            ]
          }
          pointerEvents="none"
          startPoint={
            {
              "x": 0,
              "y": 0,
            }
          }
          style={
            {
              "bottom": 0,
              "height": 67,
              "position": "absolute",
              "width": "100%",
            }
          }
        />
      </View>
    </View>
    <View
      accessibilityState={
        {
          "busy": undefined,
          "checked": undefined,
          "disabled": undefined,
          "expanded": undefined,
          "selected": undefined,
        }
      }
      accessibilityValue={
        {
          "max": undefined,
          "min": undefined,
          "now": undefined,
          "text": undefined,
        }
      }
      accessible={true}
      collapsable={false}
      focusable={true}
      onClick={[Function]}
      onResponderGrant={[Function]}
      onResponderMove={[Function]}
      onResponderRelease={[Function]}
      onResponderTerminate={[Function]}
      onResponderTerminationRequest={[Function]}
      onStartShouldSetResponder={[Function]}
      style={
        {
          "alignItems": "center",
          "marginBottom": -22,
          "opacity": 1,
          "padding": 22,
        }
      }
    >
      <Text
        accessibilityHint="Close modal"
        allowFontScaling={false}
        style={
          [
            {
              "color": "#00f1a2",
              "fontSize": 28,
            },
            undefined,
            {
              "fontFamily": "anticon",
              "fontStyle": "normal",
              "fontWeight": "normal",
            },
            {},
          ]
        }
      >
        
      </Text>
    </View>
  </View>,
]
`;
