// Jest Snapshot v1, https://goo.gl/fbAQLP

exports[`CurrencySettings should render 1`] = `
<SceneWrapper
  background="body"
  hasTabs={false}
>
  <ScrollViewMock>
    <SettingsHeaderRow
      text="Denominations"
    />
    <SettingsRadioRow
      icon={
        <Text
          style={
            Object {
              "color": "#4A5157",
              "flexShrink": 1,
              "fontFamily": "SourceSansPro-Black",
              "fontSize": 22,
              "textAlign": "left",
            }
          }
        >
          <Text
            style={
              Object {
                "fontFamily": "SourceSansPro-Black",
              }
            }
          >
            ₿
          </Text>
           - 
          BTG
        </Text>
      }
      isSelected={false}
      onPress={[Function]}
      text=""
    />
    <SettingsRadioRow
      icon={
        <Text
          style={
            Object {
              "color": "#4A5157",
              "flexShrink": 1,
              "fontFamily": "SourceSansPro-Black",
              "fontSize": 22,
              "textAlign": "left",
            }
          }
        >
          <Text
            style={
              Object {
                "fontFamily": "SourceSansPro-Black",
              }
            }
          >
            m₿
          </Text>
           - 
          mBTG
        </Text>
      }
      isSelected={false}
      onPress={[Function]}
      text=""
    />
    <SettingsRadioRow
      icon={
        <Text
          style={
            Object {
              "color": "#4A5157",
              "flexShrink": 1,
              "fontFamily": "SourceSansPro-Black",
              "fontSize": 22,
              "textAlign": "left",
            }
          }
        >
          <Text
            style={
              Object {
                "fontFamily": "SourceSansPro-Black",
              }
            }
          >
            ƀ
          </Text>
           - 
          bits
        </Text>
      }
      isSelected={true}
      onPress={[Function]}
      text=""
    />
  </ScrollViewMock>
</SceneWrapper>
`;
