// Jest Snapshot v1, https://goo.gl/fbAQLP

exports[`ChangePasswordComponent should render with loading props 1`] = `
<Memo>
  <UNDEFINED
    account={{}}
    context={
      {
        "apiKey": "",
        "appId": "",
      }
    }
    onComplete={[Function]}
    onLogEvent={[Function]}
  />
</Memo>
`;
