// Jest Snapshot v1, https://goo.gl/fbAQLP

exports[`CreateWalletAccountSelect renders 1`] = `
<BVLinearGradient
  colors={
    [
      4278585612,
      4279971643,
    ]
  }
  endPoint={
    {
      "x": 1,
      "y": 0,
    }
  }
  locations={null}
  startPoint={
    {
      "x": 0,
      "y": 0,
    }
  }
  style={
    {
      "bottom": 0,
      "left": 0,
      "position": "absolute",
      "right": 0,
      "top": 0,
    }
  }
>
  <RCTScrollView
    contentContainerStyle={
      {
        "padding": 0,
      }
    }
    style={
      {
        "bottom": 0,
        "left": 0,
        "position": "absolute",
        "right": 0,
        "top": 64,
      }
    }
  >
    <View>
      <View
        style={
          {
            "alignSelf": "center",
          }
        }
      >
        <View
          style={
            {
              "height": 90,
              "marginBottom": 22,
              "marginLeft": 22,
              "marginRight": 22,
              "marginTop": 22,
              "width": 90,
            }
          }
        />
      </View>
      <Text
        style={
          [
            {
              "color": "#FFFFFF",
              "fontFamily": "Quicksand-Regular",
              "fontSize": 22,
              "margin": 11,
              "textAlign": "left",
            },
            {
              "paddingBottom": 0,
              "paddingLeft": 0,
              "paddingRight": 0,
              "paddingTop": 0,
            },
            undefined,
          ]
        }
      >
        Create a unique account handle, this will also be the name of your BTC wallet:
      </Text>
      <Text
        style={
          [
            {
              "color": "#FFFFFF",
              "fontFamily": "Quicksand-Regular",
              "fontSize": 22,
              "margin": 11,
              "textAlign": "left",
            },
            {
              "paddingBottom": 0,
              "paddingLeft": 0,
              "paddingRight": 0,
              "paddingTop": 0,
            },
            undefined,
          ]
        }
      >
        • Must be exactly 12 characters
• Must include only lowercase letters a-z or numbers 1-5

      </Text>
      <View
        accessibilityState={
          {
            "busy": undefined,
            "checked": undefined,
            "disabled": undefined,
            "expanded": undefined,
            "selected": undefined,
          }
        }
        accessible={false}
        focusable={true}
        onClick={[Function]}
        onLayout={[Function]}
        onResponderGrant={[Function]}
        onResponderMove={[Function]}
        onResponderRelease={[Function]}
        onResponderTerminate={[Function]}
        onResponderTerminationRequest={[Function]}
        onStartShouldSetResponder={[Function]}
        style={
          [
            {
              "alignItems": "center",
              "backgroundColor": "rgba(255, 255, 255, 0)",
              "borderRadius": 11,
              "flexDirection": "row",
              "minHeight": 67,
              "paddingHorizontal": 22,
            },
            {
              "flexGrow": 0,
              "marginBottom": 45,
              "marginLeft": 22,
              "marginRight": 22,
              "marginTop": 22,
              "paddingLeft": 22,
              "paddingRight": 65,
              "paddingVertical": 0,
            },
          ]
        }
      >
        <View
          style={
            [
              {
                "borderTopWidth": 1,
                "bottom": 0,
                "left": 22,
                "position": "absolute",
                "right": 22,
              },
              {
                "borderColor": undefined,
                "right": 22,
              },
            ]
          }
        />
        <View
          style={
            [
              {
                "borderBottomLeftRadius": 11,
                "borderBottomWidth": 1,
                "borderLeftWidth": 1,
                "borderRightWidth": 0,
                "borderTopLeftRadius": 11,
                "borderTopWidth": 1,
                "bottom": 0,
                "left": 0,
                "position": "absolute",
                "top": 0,
                "width": 22,
              },
              {
                "borderColor": undefined,
              },
            ]
          }
        />
        <View
          style={
            [
              {
                "borderBottomRightRadius": 11,
                "borderBottomWidth": 1,
                "borderLeftWidth": 0,
                "borderRightWidth": 1,
                "borderTopRightRadius": 11,
                "borderTopWidth": 1,
                "bottom": 0,
                "position": "absolute",
                "right": 0,
                "top": 0,
                "width": 22,
              },
              {
                "borderColor": undefined,
              },
            ]
          }
        />
        <View
          style={
            [
              {
                "borderTopWidth": 1,
                "left": 22,
                "position": "absolute",
                "right": 22,
                "top": 0,
              },
              {
                "borderColor": undefined,
                "left": 22,
              },
            ]
          }
        />
        <View
          style={
            [
              {
                "height": 67,
                "justifyContent": "center",
                "left": 0,
                "paddingHorizontal": 22,
                "position": "absolute",
                "right": 0,
                "top": 0,
              },
              {
                "paddingLeft": 22,
                "paddingRight": 65,
              },
            ]
          }
        >
          <Text
            accessible={true}
            numberOfLines={1}
            onLayout={[Function]}
            style={
              [
                {
                  "alignSelf": "flex-start",
                  "fontFamily": "Quicksand-Regular",
                  "fontSize": 22,
                  "padding": 0,
                },
                {
                  "color": undefined,
                  "transform": [
                    {
                      "translateX": 0,
                    },
                    {
                      "translateY": -0,
                    },
                    {
                      "scale": 1,
                    },
                  ],
                },
              ]
            }
            testID="undefined.labelText"
          >
            Account Handle
          </Text>
        </View>
        <View
          style={
            {
              "bottom": -45,
              "height": 45,
              "left": 0,
              "paddingLeft": 22,
              "paddingRight": 39,
              "position": "absolute",
              "right": 0,
            }
          }
        >
          <Text
            accessible={true}
            numberOfLines={2}
            style={
              [
                {
                  "color": "#E85466",
                  "fontFamily": "Quicksand-Regular",
                  "fontSize": 17,
                },
                {
                  "opacity": 0,
                },
              ]
            }
            testID="undefined.subText"
          />
        </View>
        <Text
          accessible={true}
          numberOfLines={1}
          onLayout={[Function]}
          style={
            [
              {
                "bottom": -10,
                "fontFamily": "Quicksand-Regular",
                "fontSize": 17,
                "position": "absolute",
                "right": 28,
              },
              {
                "color": undefined,
                "opacity": 0,
                "transform": [
                  {
                    "translateX": 6,
                  },
                  {
                    "scale": 0,
                  },
                ],
              },
            ]
          }
          testID="undefined.charLimit"
        >
          12
        </Text>
        <TextInput
          accessibilityState={
            {
              "disabled": false,
            }
          }
          accessible={true}
          autoCapitalize="none"
          autoCorrect={false}
          autoFocus={true}
          editable={true}
          maxLength={12}
          multiline={false}
          onBlur={[Function]}
          onChangeText={[Function]}
          onFocus={[Function]}
          onSubmitEditing={[Function]}
          returnKeyType="next"
          secureTextEntry={false}
          selectionColor="#FFFFFF"
          style={
            [
              {
                "color": "#FFFFFF",
                "flexGrow": 1,
                "flexShrink": 1,
                "fontFamily": "Quicksand-Regular",
                "padding": 0,
              },
              {
                "fontSize": 22,
              },
            ]
          }
          testID="undefined.textInput"
          textAlignVertical="top"
          value=""
        />
      </View>
      <View
        accessibilityState={
          {
            "busy": undefined,
            "checked": undefined,
            "disabled": true,
            "expanded": undefined,
            "selected": undefined,
          }
        }
        accessibilityValue={
          {
            "max": undefined,
            "min": undefined,
            "now": undefined,
            "text": undefined,
          }
        }
        accessible={true}
        collapsable={false}
        focusable={true}
        onClick={[Function]}
        onResponderGrant={[Function]}
        onResponderMove={[Function]}
        onResponderRelease={[Function]}
        onResponderTerminate={[Function]}
        onResponderTerminationRequest={[Function]}
        onStartShouldSetResponder={[Function]}
        style={
          {
            "elevation": 2,
            "opacity": 1,
            "shadowColor": "#FFFFFF",
            "shadowOffset": {
              "height": 0,
              "width": 0,
            },
            "shadowOpacity": 0.25,
            "shadowRadius": 8,
          }
        }
      >
        <BVLinearGradient
          colors={
            [
              4278754931,
              4278251938,
            ]
          }
          endPoint={
            {
              "x": 1,
              "y": 0,
            }
          }
          locations={null}
          startPoint={
            {
              "x": 0,
              "y": 0,
            }
          }
          style={
            [
              {
                "alignItems": "center",
                "borderColor": "rgba(255, 255, 255, 0)",
                "borderRadius": 6,
                "borderWidth": 0,
                "flexDirection": "row",
                "justifyContent": "center",
                "minHeight": 67,
                "minWidth": 202,
              },
              {
                "alignSelf": "center",
                "marginBottom": 11,
                "marginLeft": 11,
                "marginRight": 11,
                "marginTop": 11,
                "opacity": 0.3,
                "paddingBottom": 0,
                "paddingLeft": 0,
                "paddingRight": 0,
                "paddingTop": 0,
              },
              {
                "borderRadius": 6,
                "paddingLeft": 0,
                "paddingRight": 0,
              },
            ]
          }
        >
          <Text
            adjustsFontSizeToFit={true}
            minimumFontScale={0.75}
            numberOfLines={1}
            style={
              {
                "color": "#1b2f3b",
                "fontFamily": "Quicksand-Medium",
                "fontSize": 22,
                "marginHorizontal": 0,
                "paddingBottom": 11,
                "paddingLeft": 17,
                "paddingRight": 17,
                "paddingTop": 11,
                "textShadowColor": "#000000",
                "textShadowOffset": {
                  "height": 0,
                  "width": 0,
                },
                "textShadowRadius": 0,
              }
            }
          >
            Next
          </Text>
        </BVLinearGradient>
      </View>
    </View>
  </RCTScrollView>
</BVLinearGradient>
`;
