// Jest Snapshot v1, https://goo.gl/fbAQLP

exports[`CryptoExchangeComponent should render with loading props 1`] = `
<View
  style={
    {
      "flex": 1,
      "marginHorizontal": 11,
    }
  }
>
  <View
    style={
      {
        "marginLeft": -11,
        "marginVertical": 22,
        "width": "100%",
      }
    }
  >
    <Memo(SceneHeaderComponent)
      title="Exchange"
      underline={true}
    />
  </View>
  <Memo(Connect(WithTheme(CryptoExchangeFlipInputWrapperComponent)))
    buttonText="Select Source Wallet"
    focusMe={[Function]}
    headerText="Exchange from BTC Wallet"
    isFocused={true}
    launchWalletSelector={[Function]}
    onCryptoExchangeAmountChanged={[Function]}
    onNext={[Function]}
    overridePrimaryNativeAmount=""
    primaryCurrencyInfo={
      {
        "displayCurrencyCode": "BTC",
        "exchangeCurrencyCode": "BTC",
      }
    }
    walletId=""
  >
    <MiniButton
      alignSelf="center"
      label="MAX"
      marginRem={
        [
          0.5,
          0,
          1,
        ]
      }
      onPress={[Function]}
    />
  </Memo(Connect(WithTheme(CryptoExchangeFlipInputWrapperComponent)))>
  <Memo(LineTextDividerComponent)
    lowerCased={true}
    title="To"
  />
  <Memo(Connect(WithTheme(CryptoExchangeFlipInputWrapperComponent)))
    buttonText="Select Receiving Wallet"
    focusMe={[Function]}
    headerText="Exchange to ETH Wallet"
    isFocused={false}
    launchWalletSelector={[Function]}
    onCryptoExchangeAmountChanged={[Function]}
    onNext={[Function]}
    overridePrimaryNativeAmount=""
    primaryCurrencyInfo={
      {
        "displayCurrencyCode": "ETH",
        "displayDenomination": {
          "multiplier": "100000000",
          "name": "Ethereum",
        },
        "exchangeCurrencyCode": "ETH",
        "exchangeDenomination": {
          "multiplier": "10000000",
          "name": "Gwei",
        },
      }
    }
    walletId=""
  />
</View>
`;
