// Jest Snapshot v1, https://goo.gl/fbAQLP

exports[`CurrencyNotificationComponent should render with loading props 1`] = `
<BVLinearGradient
  colors={
    Array [
      4279050565,
      4278994026,
    ]
  }
  endPoint={
    Object {
      "x": 1,
      "y": 0,
    }
  }
  locations={null}
  startPoint={
    Object {
      "x": 0,
      "y": 0,
    }
  }
  style={
    Object {
      "bottom": 0,
      "left": 0,
      "position": "absolute",
      "right": 0,
      "top": 0,
    }
  }
>
  <View
    style={
      Array [
        Object {
          "alignItems": "stretch",
          "flexDirection": "column",
          "justifyContent": "flex-start",
          "position": "absolute",
        },
        Object {
          "bottom": 0,
          "left": 0,
          "padding": 0,
          "right": 0,
          "top": 64,
        },
      ]
    }
  >
    <RCTScrollView>
      <View />
    </RCTScrollView>
  </View>
</BVLinearGradient>
`;
