// Jest Snapshot v1, https://goo.gl/fbAQLP

exports[`MenuTabs should render with loading props 1`] = `
<View
  pointerEvents="box-none"
  shiftY={
    {
      "value": 0,
    }
  }
  style={
    [
      {
        "bottom": 0,
        "justifyContent": "flex-end",
        "left": 0,
        "overflow": "visible",
        "position": "absolute",
        "right": 0,
      },
      {
        "transform": [
          {
            "translateY": 0,
          },
        ],
      },
    ]
  }
>
  <View
    footerHeight={
      {
        "value": 0,
      }
    }
    openRatio={
      {
        "value": 1,
      }
    }
    pointerEvents="none"
    style={
      [
        {
          "bottom": 0,
          "left": 0,
          "position": "absolute",
          "right": 0,
          "top": 0,
        },
        {
          "transform": [
            {
              "translateY": NaN,
            },
          ],
        },
      ]
    }
    tabLabelHeight={25}
  >
    <BlurView
      blurAmount={10}
      blurType="dark"
      overlayColor="rgba(0, 0, 0, 0)"
      style={
        {
          "backgroundColor": undefined,
          "bottom": 0,
          "left": 0,
          "position": "absolute",
          "right": 0,
          "top": 0,
        }
      }
    />
    <BVLinearGradient
      colors={
        [
          16777215,
          16777215,
        ]
      }
      endPoint={
        {
          "x": 0,
          "y": 1,
        }
      }
      locations={null}
      startPoint={
        {
          "x": 0,
          "y": 0.5,
        }
      }
      style={
        {
          "flex": 1,
        }
      }
    />
  </View>
  <View
    openRatio={
      {
        "value": 1,
      }
    }
    style={
      [
        {
          "alignItems": "center",
          "flexDirection": "row",
          "justifyContent": "center",
        },
        {
          "transform": [
            {
              "translateY": NaN,
            },
          ],
        },
      ]
    }
    tabLabelHeight={25}
  />
</View>
`;
