// Jest Snapshot v1, https://goo.gl/fbAQLP

exports[`SelectableRow should render with loading props 1`] = `
<EdgeCard
  onPress={[Function]}
>
  <View
    style={
      {
        "alignItems": "center",
        "flexDirection": "row",
        "justifyContent": "space-between",
        "width": "100%",
      }
    }
  >
    <View
      style={
        {
          "margin": 11,
        }
      }
    />
    <View
      style={
        {
          "alignItems": "flex-start",
          "flex": 1,
          "flexDirection": "column",
          "margin": 11,
        }
      }
    >
      <EdgeText
        numberOfLines={1}
      >
        title
      </EdgeText>
    </View>
  </View>
</EdgeCard>
`;
