// Jest Snapshot v1, https://goo.gl/fbAQLP

exports[`Tile should render with loading props 1`] = `
<TouchableWithoutFeedback
  accessible={false}
  disabled={false}
  onPress={[Function]}
>
  <View>
    <View
      style={
        {
          "alignItems": "center",
          "backgroundColor": "rgba(255, 255, 255, 0)",
          "flexDirection": "row",
          "marginTop": 22,
          "paddingBottom": 22,
          "paddingHorizontal": 22,
        }
      }
    >
      <View
        style={
          [
            {
              "flex": 1,
            },
            {
              "paddingLeft": 6,
            },
          ]
        }
      >
        <Icon
          allowFontScaling={false}
          name="copy"
          size={12}
          style={
            {
              "color": "#00f1a2",
              "height": 17,
              "position": "absolute",
              "right": 0,
              "top": 6,
              "width": 17,
            }
          }
        />
        <WithTheme(EdgeTextComponent)
          disableFontScaling={true}
          ellipsizeMode="tail"
          style={
            {
              "color": "#A4C7DF",
              "fontSize": 17,
              "paddingBottom": 6,
              "paddingRight": 22,
            }
          }
        >
          string
        </WithTheme(EdgeTextComponent)>
        <WithTheme(EdgeTextComponent)
          ellipsizeMode="tail"
          numberOfLines={2}
          style={
            {
              "color": "#FFFFFF",
              "fontSize": 22,
            }
          }
        >
          string
        </WithTheme(EdgeTextComponent)>
        11
      </View>
    </View>
    <View
      style={
        {
          "borderBottomColor": "rgba(255, 255, 255, .1)",
          "borderBottomWidth": 1,
          "height": 1,
          "marginLeft": 22,
        }
      }
    />
  </View>
</TouchableWithoutFeedback>
`;
