// Jest Snapshot v1, https://goo.gl/fbAQLP

exports[`TransactionListTop should render with loading props 1`] = `
<React.Fragment>
  <View
    style={
      Object {
        "flex": 1,
        "marginBottom": 11,
        "paddingLeft": 22,
      }
    }
  >
    <View
      style={
        Object {
          "flexDirection": "row",
          "marginRight": 22,
          "marginTop": 11,
        }
      }
    >
      <View
        style={
          Object {
            "flex": 1,
            "flexDirection": "column",
          }
        }
      >
        <Wrap(Component)
          label="Search Transactions"
          marginRem={0}
          onBlur={[Function]}
          onChangeText={[Function]}
          onFocus={[Function]}
          returnKeyType="search"
          searchIcon={true}
          value=""
        />
      </View>
    </View>
    <React.Fragment>
      <View
        style={
          Object {
            "height": 118,
            "marginRight": 22,
            "marginTop": 22,
          }
        }
      >
        <View
          style={
            Object {
              "flexDirection": "row",
            }
          }
        >
          <View
            style={
              Object {
                "flex": 1,
              }
            }
          >
            <View
              style={
                Object {
                  "flexDirection": "row",
                  "justifyContent": "space-between",
                }
              }
            >
              <Wrap(TouchableOpacity)
                onPress={[Function]}
                style={
                  Object {
                    "alignItems": "center",
                    "flexDirection": "row",
                    "flexShrink": 1,
                    "marginRight": 11,
                  }
                }
              >
                <WithTheme(EdgeTextComponent)
                  style={
                    Object {
                      "flexShrink": 1,
                      "fontSize": 28,
                      "marginRight": 6,
                    }
                  }
                >
                  string
                </WithTheme(EdgeTextComponent)>
                <Icon
                  allowFontScaling={false}
                  color="#66EDA8"
                  name="chevron-forward"
                  size={34}
                />
              </Wrap(TouchableOpacity)>
              <Memo(CurrencyIconComponent)
                currencyCode="string"
                sizeRem={1.5}
              />
            </View>
            <Wrap(TouchableOpacity)
              onPress={[Function]}
            >
              <React.Fragment>
                <WithTheme(EdgeTextComponent)
                  minimumFontScale={0.3}
                  style={
                    Object {
                      "fontFamily": "Quicksand-Medium",
                      "fontSize": 45,
                    }
                  }
                >
                  string string
                </WithTheme(EdgeTextComponent)>
                <WithTheme(EdgeTextComponent)
                  style={
                    Object {
                      "fontSize": 28,
                    }
                  }
                >
                  stringstring string
                </WithTheme(EdgeTextComponent)>
              </React.Fragment>
            </Wrap(TouchableOpacity)>
          </View>
        </View>
      </View>
      <View
        style={
          Object {
            "flexDirection": "row",
            "marginTop": 22,
          }
        }
      >
        <Wrap(TouchableOpacity)
          onPress={[Function]}
          style={
            Object {
              "alignItems": "center",
              "flexDirection": "row",
              "justifyContent": "center",
              "marginRight": 22,
              "paddingVertical": 11,
            }
          }
        >
          <Icon
            allowFontScaling={false}
            color="#66EDA8"
            name="arrowdown"
            size={28}
          />
          <WithTheme(EdgeTextComponent)
            style={
              Object {
                "color": "#66EDA8",
                "fontFamily": "Quicksand-Medium",
                "fontSize": 28,
                "marginLeft": 6,
              }
            }
          >
            Request
          </WithTheme(EdgeTextComponent)>
        </Wrap(TouchableOpacity)>
        <View
          style={
            Object {
              "width": 45,
            }
          }
        />
        <Wrap(TouchableOpacity)
          onPress={[Function]}
          style={
            Object {
              "alignItems": "center",
              "flexDirection": "row",
              "justifyContent": "center",
              "marginRight": 22,
              "paddingVertical": 11,
            }
          }
        >
          <Icon
            allowFontScaling={false}
            color="#66EDA8"
            name="arrowup"
            size={28}
          />
          <WithTheme(EdgeTextComponent)
            style={
              Object {
                "color": "#66EDA8",
                "fontFamily": "Quicksand-Medium",
                "fontSize": 28,
                "marginLeft": 6,
              }
            }
          >
            Send
          </WithTheme(EdgeTextComponent)>
        </Wrap(TouchableOpacity)>
      </View>
    </React.Fragment>
  </View>
  <Memo(SceneHeaderComponent)
    underline={true}
  >
    <WithTheme(EdgeTextComponent)
      style={
        Object {
          "fontFamily": "Quicksand-Medium",
        }
      }
    >
      Transactions
    </WithTheme(EdgeTextComponent)>
  </Memo(SceneHeaderComponent)>
</React.Fragment>
`;
